INFO: utils.py: financial_transactions 22: 2025-02-04 14:20:09,948 - Открываю файл с транзакциями
INFO: utils.py: financial_transactions 32: 2025-02-04 14:20:09,949 - Создан список словарей с данными о финансовых транзакциях
INFO: masks.py: get_mask_account 31: 2025-02-04 14:20:24,270 - Создаю маску номера счета
INFO: masks.py: get_mask_account 35: 2025-02-04 14:20:24,270 - Маска номера счета создана
INFO: masks.py: get_mask_card_number 20: 2025-02-04 14:20:24,270 - Создаю маску номера карты
INFO: masks.py: get_mask_card_number 24: 2025-02-04 14:20:24,270 - Маска номера карты создана
INFO: masks.py: get_mask_account 31: 2025-02-04 14:20:24,270 - Создаю маску номера счета
INFO: masks.py: get_mask_account 35: 2025-02-04 14:20:24,270 - Маска номера счета создана
INFO: masks.py: get_mask_account 31: 2025-02-04 14:20:24,270 - Создаю маску номера счета
INFO: masks.py: get_mask_account 35: 2025-02-04 14:20:24,270 - Маска номера счета создана
INFO: masks.py: get_mask_account 31: 2025-02-04 14:20:24,270 - Создаю маску номера счета
INFO: masks.py: get_mask_account 35: 2025-02-04 14:20:24,270 - Маска номера счета создана
INFO: masks.py: get_mask_card_number 20: 2025-02-04 14:20:24,271 - Создаю маску номера карты
INFO: masks.py: get_mask_card_number 24: 2025-02-04 14:20:24,271 - Маска номера карты создана
INFO: masks.py: get_mask_card_number 20: 2025-02-04 14:20:24,271 - Создаю маску номера карты
INFO: masks.py: get_mask_card_number 24: 2025-02-04 14:20:24,271 - Маска номера карты создана
INFO: masks.py: get_mask_card_number 20: 2025-02-04 14:20:24,271 - Создаю маску номера карты
INFO: masks.py: get_mask_card_number 24: 2025-02-04 14:20:24,271 - Маска номера карты создана
INFO: masks.py: get_mask_account 31: 2025-02-04 14:20:24,271 - Создаю маску номера счета
INFO: masks.py: get_mask_account 35: 2025-02-04 14:20:24,271 - Маска номера счета создана
INFO: masks.py: get_mask_card_number 20: 2025-02-04 14:20:24,271 - Создаю маску номера карты
INFO: masks.py: get_mask_card_number 24: 2025-02-04 14:20:24,271 - Маска номера карты создана
INFO: masks.py: get_mask_account 31: 2025-02-04 14:20:24,271 - Создаю маску номера счета
INFO: masks.py: get_mask_account 35: 2025-02-04 14:20:24,271 - Маска номера счета создана
INFO: masks.py: get_mask_card_number 20: 2025-02-04 14:20:24,271 - Создаю маску номера карты
INFO: masks.py: get_mask_card_number 24: 2025-02-04 14:20:24,271 - Маска номера карты создана
INFO: masks.py: get_mask_account 31: 2025-02-04 14:20:24,271 - Создаю маску номера счета
INFO: masks.py: get_mask_account 35: 2025-02-04 14:20:24,271 - Маска номера счета создана
INFO: masks.py: get_mask_card_number 20: 2025-02-04 14:20:24,271 - Создаю маску номера карты
INFO: masks.py: get_mask_card_number 24: 2025-02-04 14:20:24,271 - Маска номера карты создана
INFO: masks.py: get_mask_account 31: 2025-02-04 14:20:24,271 - Создаю маску номера счета
INFO: masks.py: get_mask_account 35: 2025-02-04 14:20:24,271 - Маска номера счета создана
INFO: masks.py: get_mask_account 31: 2025-02-04 14:20:24,271 - Создаю маску номера счета
INFO: masks.py: get_mask_account 35: 2025-02-04 14:20:24,272 - Маска номера счета создана
INFO: masks.py: get_mask_account 31: 2025-02-04 14:20:24,272 - Создаю маску номера счета
INFO: masks.py: get_mask_account 35: 2025-02-04 14:20:24,272 - Маска номера счета создана
